   ▲ Next.js 15.1.6
   - Environments: .env.local

